#-----------------------------------------------------------
# Vivado v2019.1 (64-bit)
# SW Build 2552052 on Fri May 24 14:49:42 MDT 2019
# IP Build 2548770 on Fri May 24 18:01:18 MDT 2019
# Start of session at: Mon Dec 16 10:12:27 2019
# Process ID: 7428
# Current directory: D:/3-Ee/2018/statem/changed_/Top_Final
# Command line: vivado.exe -gui_launcher_event rodinguilauncherevent9712 D:\3-Ee\2018\statem\changed_\Top_Final\Top_Final.xpr
# Log file: D:/3-Ee/2018/statem/changed_/Top_Final/vivado.log
# Journal file: D:/3-Ee/2018/statem/changed_/Top_Final\vivado.jou
#-----------------------------------------------------------
start_gui
open_project D:/3-Ee/2018/statem/changed_/Top_Final/Top_Final.xpr
update_compile_order -fileset sources_1
open_hw
connect_hw_server
open_hw_target
set_property PROGRAM.FILE {D:/3-Ee/2018/statem/changed_/Top_Final/Top_Final.runs/impl_1/CPU_top.bit} [get_hw_devices xc7a35t_0]
current_hw_device [get_hw_devices xc7a35t_0]
refresh_hw_device -update_hw_probes false [lindex [get_hw_devices xc7a35t_0] 0]
set_property PROBES.FILE {} [get_hw_devices xc7a35t_0]
set_property FULL_PROBES.FILE {} [get_hw_devices xc7a35t_0]
set_property PROGRAM.FILE {D:/3-Ee/2018/statem/changed_/Top_Final/Top_Final.runs/impl_1/CPU_top.bit} [get_hw_devices xc7a35t_0]
program_hw_devices [get_hw_devices xc7a35t_0]
refresh_hw_device [lindex [get_hw_devices xc7a35t_0] 0]
set_property PROBES.FILE {} [get_hw_devices xc7a35t_0]
set_property FULL_PROBES.FILE {} [get_hw_devices xc7a35t_0]
set_property PROGRAM.FILE {D:/3-Ee/2018/statem/changed_/Top_Final/Top_Final.runs/impl_1/CPU_top.bit} [get_hw_devices xc7a35t_0]
program_hw_devices [get_hw_devices xc7a35t_0]
refresh_hw_device [lindex [get_hw_devices xc7a35t_0] 0]
set_property PROBES.FILE {} [get_hw_devices xc7a35t_0]
set_property FULL_PROBES.FILE {} [get_hw_devices xc7a35t_0]
set_property PROGRAM.FILE {D:/3-Ee/2018/statem/changed_/Top_Final/Top_Final.runs/impl_1/CPU_top.bit} [get_hw_devices xc7a35t_0]
program_hw_devices [get_hw_devices xc7a35t_0]
refresh_hw_device [lindex [get_hw_devices xc7a35t_0] 0]
close_hw
